
> frontend@0.1.0 build
> next build

Γû▓ Next.js 16.1.6 (Turbopack)
- Environments: .env

  Creating an optimized production build ...
Γ£ô Compiled successfully in 11.6s
  Running TypeScript ...
  Collecting page data using 7 workers ...
  Generating static pages using 7 workers (0/24) ...
  Generating static pages using 7 workers (6/24) 
  Generating static pages using 7 workers (12/24) 
node.exe : PROFILE PAGE SERVER ERROR: Dynamic server usage: Route /employee/profile couldn't be rendered statically 
because it used `cookies`. See more info here: https://nextjs.org/docs/messages/dynamic-server-error undefined
At line:1 char:1
+ & "C:\Program Files\nodejs/node.exe" "C:\Program Files\nodejs/node_mo ...
+ ~~~~~~~~~~~~~~~~~~~~~~~~~~~~~~~~~~~~~~~~~~~~~~~~~~~~~~~~~~~~~~~~~~~~~
    + CategoryInfo          : NotSpecified: (PROFILE PAGE SE...error undefined:String) [], RemoteException
    + FullyQualifiedErrorId : NativeCommandError
 
  Generating static pages using 7 workers (18/24) 
Γ£ô Generating static pages using 7 workers (24/24) in 690.1ms
  Finalizing page optimization ...

Route (app)
Γöî Γùï /
Γö£ Γùï /_not-found
Γö£ Γùï /admin/auth/invite-invalid
Γö£ Γùï /admin/auth/set-password
Γö£ Γùï /admin/company-policy
Γö£ ╞Æ /admin/dashboard
Γö£ ╞Æ /admin/departments
Γö£ ╞Æ /admin/employees
Γö£ ╞Æ /admin/projects
Γö£ ╞Æ /admin/projects/[id]
Γö£ ╞Æ /api/auth/[...nextauth]
Γö£ Γùï /auth
Γö£ ╞Æ /auth/login
Γö£ ╞Æ /auth/onboarding
Γö£ Γùï /auth/register
Γö£ Γùï /auth/verify
Γö£ ╞Æ /chats
Γö£ ╞Æ /employee/dashboard
Γö£ Γùï /employee/policy
Γö£ ╞Æ /employee/profile
Γö£ ╞Æ /employee/projects
Γö£ ╞Æ /employee/projects/[id]
Γö£ Γùï /employee/tasks
Γö£ ╞Æ /employee/teams
Γö£ ╞Æ /super-admin/companies
Γöö Γùï /super-admin/login


╞Æ Proxy (Middleware)

Γùï  (Static)   prerendered as static content
╞Æ  (Dynamic)  server-rendered on demand

