
> backend@0.0.1 build C:\Users\nidhin\Desktop\employee-management-app\backend
> nest build

node.exe : [96msrc/mo
dules/auth/application
/interfaces/auth/auth-
use-case.interface.ts
[0m:[93m3[0m:[93m34
[0m - 
[91merror[0m[90m 
TS2307: [0mCannot 
find module '../../pre
sentation/dto/register
-admin.dto' or its 
corresponding type 
declarations.
At C:\Users\nidhin\App
Data\Roaming\npm\pnpm.
ps1:24 char:5
+     & "node$exe"  "$
basedir/node_modules/p
npm/bin/pnpm.cjs" 
$args
+     ~~~~~~~~~~~~~~~~
~~~~~~~~~~~~~~~~~~~~~~
~~~~~~~~~~~~~~~~~~~~~~
~
    + CategoryInfo    
          : NotSpeci  
  fied: ([96msrc/m   
 odule...e declara    
tions.:String) []    
, RemoteException
    + FullyQualifiedE 
   rrorId : NativeCo  
  mmandError
 

[7m3[0m import { 
RegisterAdminDto } 
from '../../presentati
on/dto/register-admin.
dto';
[7m [0m [91m       
                      
    ~~~~~~~~~~~~~~~~~~
~~~~~~~~~~~~~~~~~~~~~~
~~~[0m
[96msrc/modules/auth/
application/interfaces
/auth/auth-use-case.in
terface.ts[0m:[93m6
[0m:[93m35[0m - 
[91merror[0m[90m 
TS2307: [0mCannot 
find module '../../pre
sentation/dto/forgot-p
assword.dto' or its 
corresponding type 
declarations.

[7m6[0m import { 
ForgotPasswordDto } 
from '../../presentati
on/dto/forgot-password
.dto';
[7m [0m [91m       
                      
     ~~~~~~~~~~~~~~~~~
~~~~~~~~~~~~~~~~~~~~~~
~~~~~[0m
[96msrc/modules/auth/
application/interfaces
/auth/auth-use-case.in
terface.ts[0m:[93m7
[0m:[93m34[0m - 
[91merror[0m[90m 
TS2307: [0mCannot 
find module '../../pre
sentation/dto/reset-pa
ssword.dto' or its 
corresponding type 
declarations.

[7m7[0m import { 
ResetPasswordDto } 
from '../../presentati
on/dto/reset-password.
dto';
[7m [0m [91m       
                      
    ~~~~~~~~~~~~~~~~~~
~~~~~~~~~~~~~~~~~~~~~~
~~~[0m
[96msrc/modules/auth/
application/interfaces
/auth/auth-use-case.in
terface.ts[0m:[93m8
[0m:[93m43[0m - 
[91merror[0m[90m 
TS2307: [0mCannot 
find module '../../pre
sentation/dto/verify-r
eset-password-otp.dto'
 or its corresponding 
type declarations.

[7m8[0m import { Ver
ifyResetPasswordOtpDto
 } from '../../present
ation/dto/verify-reset
-password-otp.dto';
[7m [0m [91m       
                      
             ~~~~~~~~~
~~~~~~~~~~~~~~~~~~~~~~
~~~~~~~~~~~~~~~~~~~~~~
~[0m
[96msrc/modules/auth/
application/interfaces
/onboarding/onboarding
-use-case.interface.ts
[0m:[93m1[0m:[93m3
1[0m - 
[91merror[0m[90m 
TS2307: [0mCannot 
find module '../../pre
sentation/dto/onboardi
ng.dto' or its 
corresponding type 
declarations.

[7m1[0m import { 
OnboardingDto } from '
../../presentation/dto
/onboarding.dto';
[7m [0m [91m       
                      
 ~~~~~~~~~~~~~~~~~~~~~
~~~~~~~~~~~~~~~~~~[0m
[96msrc/modules/auth/
application/interfaces
/otp/otp-use-case.inte
rface.ts[0m:[93m1[0
m:[93m35[0m - 
[91merror[0m[90m 
TS2307: [0mCannot 
find module '../../pre
sentation/dto/verify-e
mail-otp.dto' or its 
corresponding type 
declarations.

[7m1[0m import { 
VerifyEmailOtpDto } 
from '../../presentati
on/dto/verify-email-ot
p.dto';
[7m [0m [91m       
                      
     ~~~~~~~~~~~~~~~~~
~~~~~~~~~~~~~~~~~~~~~~
~~~~~~[0m
[96msrc/modules/auth/
application/interfaces
/otp/otp-use-case.inte
rface.ts[0m:[93m2[0
m:[93m30[0m - 
[91merror[0m[90m 
TS2307: [0mCannot 
find module '../../pre
sentation/dto/resend-o
tp.dto' or its 
corresponding type 
declarations.

[7m2[0m import { 
ResendOtpDto } from '.
./../presentation/dto/
resend-otp.dto';
[7m [0m [91m       
                      
~~~~~~~~~~~~~~~~~~~~~~
~~~~~~~~~~~~~~~~~[0m
[96msrc/modules/auth/
application/interfaces
/profile/profile-use-c
ase.interface.ts[0m:
[93m1[0m:[93m34[0m 
- [91merror[0m[90m 
TS2307: [0mCannot 
find module '../../pre
sentation/dto/update-p
rofile.dto' or its 
corresponding type 
declarations.

[7m1[0m import { 
UpdateProfileDto } 
from '../../presentati
on/dto/update-profile.
dto';
[7m [0m [91m       
                      
    ~~~~~~~~~~~~~~~~~~
~~~~~~~~~~~~~~~~~~~~~~
~~~[0m
[96msrc/modules/auth/
application/interfaces
/profile/profile-use-c
ase.interface.ts[0m:
[93m2[0m:[93m39[0m 
- [91merror[0m[90m 
TS2307: [0mCannot 
find module '../../pre
sentation/dto/email-up
date/request-email-cha
nge.dto' or its 
corresponding type 
declarations.

[7m2[0m import { 
RequestEmailChangeDto 
} from '../../presenta
tion/dto/email-update/
request-email-change.d
to';
[7m [0m [91m       
                      
         ~~~~~~~~~~~~~
~~~~~~~~~~~~~~~~~~~~~~
~~~~~~~~~~~~~~~~~~~~~~
~~~~~[0m

Found 9 error(s).

ΓÇëELIFECYCLEΓÇë Command failed with exit code 1.
