src/modules/auth/application/interfaces/auth/auth-use-case.interface.ts(3,34): error TS2307: Cannot find module '../../presentation/dto/register-admin.dto' or its corresponding type declarations.
src/modules/auth/application/interfaces/auth/auth-use-case.interface.ts(6,35): error TS2307: Cannot find module '../../presentation/dto/forgot-password.dto' or its corresponding type declarations.
src/modules/auth/application/interfaces/auth/auth-use-case.interface.ts(7,34): error TS2307: Cannot find module '../../presentation/dto/reset-password.dto' or its corresponding type declarations.
src/modules/auth/application/interfaces/auth/auth-use-case.interface.ts(8,43): error TS2307: Cannot find module '../../presentation/dto/verify-reset-password-otp.dto' or its corresponding type declarations.
src/modules/auth/application/interfaces/onboarding/onboarding-use-case.interface.ts(1,31): error TS2307: Cannot find module '../../presentation/dto/onboarding.dto' or its corresponding type declarations.
src/modules/auth/application/interfaces/otp/otp-use-case.interface.ts(1,35): error TS2307: Cannot find module '../../presentation/dto/verify-email-otp.dto' or its corresponding type declarations.
src/modules/auth/application/interfaces/otp/otp-use-case.interface.ts(2,30): error TS2307: Cannot find module '../../presentation/dto/resend-otp.dto' or its corresponding type declarations.
src/modules/auth/application/interfaces/profile/profile-use-case.interface.ts(1,34): error TS2307: Cannot find module '../../presentation/dto/update-profile.dto' or its corresponding type declarations.
src/modules/auth/application/interfaces/profile/profile-use-case.interface.ts(2,39): error TS2307: Cannot find module '../../presentation/dto/email-update/request-email-change.dto' or its corresponding type declarations.
